// Jest Snapshot v1, https://goo.gl/fbAQLP

exports[`application should have the correct config 1`] = `
{
  "branches": [
    "main",
    "next",
  ],
  "plugins": [
    "@semantic-release/commit-analyzer",
    "@semantic-release/release-notes-generator",
    [
      "@semantic-release/npm",
      {
        "npmPublish": false,
      },
    ],
    [
      "@semantic-release/github",
      {
        "failComment": false,
        "labels": false,
        "successComment": false,
      },
    ],
  ],
}
`;
