// Jest Snapshot v1, https://goo.gl/fbAQLP

exports[`Link should correctly render the component 1`] = `
<a
  class="appearance-none bg-none border-0 font-semibold text-blue-600 underline hover:no-underline hover:text-red-600 focus:outline-none"
  href="/home"
>
  Link
</a>
`;
