// Jest Snapshot v1, https://goo.gl/fbAQLP

exports[`Loader should render component with custom css classes 1`] = `
<svg
  class="animate-spin w-10 h-10"
  fill="none"
  viewBox="0 0 24 24"
>
  <circle
    class="opacity-25"
    cx="12"
    cy="12"
    r="10"
    stroke="currentColor"
    stroke-width="4"
  />
  <path
    class="opacity-50"
    d="M4 12a8 8 0 018-8V0C5.373 0 0 5.373 0 12h4zm2 5.291A7.962 7.962 0 014 12H0c0 3.042 1.135 5.824 3 7.938l3-2.647z"
    fill="currentColor"
  />
</svg>
`;

exports[`Loader should render component with default classes 1`] = `
<svg
  class="animate-spin w-12 h-12"
  fill="none"
  viewBox="0 0 24 24"
>
  <circle
    class="opacity-25"
    cx="12"
    cy="12"
    r="10"
    stroke="currentColor"
    stroke-width="4"
  />
  <path
    class="opacity-50"
    d="M4 12a8 8 0 018-8V0C5.373 0 0 5.373 0 12h4zm2 5.291A7.962 7.962 0 014 12H0c0 3.042 1.135 5.824 3 7.938l3-2.647z"
    fill="currentColor"
  />
</svg>
`;
